1D_ocean_ice_column
adjustment.128x64x1
adjustment.cs-32x32x1
advect_cs
advect_xy
advect_xz
aim.5l_cs
aim.5l_Equatorial_Channel
aim.5l_LatLon
bottom_ctrl_5x5
cfc_example
cheapAML_box
cpl_aim+ocn
deep_anelastic
dome
exp2
exp4
fizhi-cs-32x32x40
fizhi-cs-aqualev20
fizhi-gridalt-hs
flt_example
front_relax
global_ocean.90x40x15
global_ocean.cs32x15
global_ocean_ebm
global_oce_biogeo_bling
global_with_exf
halfpipe_streamice
hs94.128x64x5
hs94.1x64x5
hs94.cs-32x32x5
ideal_2D_oce
internal_wave
inverted_barometer
isomip
lab_sea
matrix_example
MLAdjust
natl_box
obcs_ctrl
offline_exf_seaice
OpenAD
seaice_itd
seaice_obcs
shelfice_2d_remesh
short_surf_wave
so_box_biogeo
solid-body.cs-32x32x1
tutorial_advection_in_gyre
tutorial_baroclinic_gyre
tutorial_barotropic_gyre
tutorial_cfc_offline
tutorial_deep_convection
tutorial_dic_adjoffline
tutorial_global_oce_biogeo
tutorial_global_oce_in_p
tutorial_global_oce_latlon
tutorial_global_oce_optim
tutorial_held_suarez_cs
tutorial_plume_on_slope
tutorial_reentrant_channel
tutorial_rotating_tank
tutorial_tracer_adjsens
vermix
